2026-05-13 15:26:32,781 [INFO ] Random seed set as 1
2026-05-13 15:26:32,783 [INFO ] Retrieving data
2026-05-13 15:26:36,582 [INFO ] Available Edge Features: ['EdgeID', 'from_id', 'to_id', 'Timestamp', 'Amount Sent', 'Sent Currency', 'Amount Received', 'Received Currency', 'Payment Format', 'Is Laundering']
2026-05-13 15:27:24,506 [INFO ] Illicit ratio = 5177 / 5078345 = 0.10%
2026-05-13 15:27:24,511 [INFO ] Number of nodes (holdings doing transcations) = 515088
2026-05-13 15:27:24,512 [INFO ] Number of transactions = 5078345
2026-05-13 15:27:24,513 [INFO ] Edge features being used: ['Timestamp', 'Amount Received', 'Received Currency', 'Payment Format']
2026-05-13 15:27:24,514 [INFO ] Node features being used: ['Feature'] ("Feature" is a placeholder feature of all 1s)
2026-05-13 15:27:25,098 [INFO ] number of days and transactions in the data: 18 days, 5078345 transactions
2026-05-13 15:27:25,325 [INFO ] Calculate split: [[0, 1, 2, 3, 4, 5], [6, 7], [8, 9, 10, 11, 12, 13, 14, 15, 16, 17]]
2026-05-13 15:27:25,351 [INFO ] Total train samples: 63.98% || IR: 0.08% || Train days: [0, 1, 2, 3, 4]
2026-05-13 15:27:25,356 [INFO ] Total val samples: 19.01% || IR: 0.11% || Val days: [6, 7]
2026-05-13 15:27:25,359 [INFO ] Total test samples: 17.01% || IR: 0.19% || Test days: [8, 9, 10, 11, 12]
2026-05-13 15:27:26,002 [INFO ] train data object: GraphData(x=[515088, 1], edge_index=[2, 3248921], edge_attr=[3248921, 4], y=[3248921], readout='edge', loss_fn='ce', num_nodes=515088, timestamps=[3248921])
2026-05-13 15:27:26,002 [INFO ] validation data object: GraphData(x=[515088, 1], edge_index=[2, 4214445], edge_attr=[4214445, 4], y=[4214445], readout='edge', loss_fn='ce', num_nodes=515088, timestamps=[4214445])
2026-05-13 15:27:26,003 [INFO ] test data object: GraphData(x=[515088, 1], edge_index=[2, 5078345], edge_attr=[5078345, 4], y=[5078345], readout='edge', loss_fn='ce', num_nodes=515088, timestamps=[5078345])
2026-05-13 15:27:26,016 [INFO ] Retrieved data in 53.23s
2026-05-13 15:27:26,016 [INFO ] Running Training
2026-05-14 13:53:16,705 [INFO ] Random seed set as 42
2026-05-14 23:13:20,020 [INFO ] Random seed set as 42
2026-05-14 23:39:31,026 [INFO ] Random seed set as 42
2026-05-14 23:41:26,911 [INFO ] Random seed set as 42
2026-05-14 23:41:45,493 [INFO ] 
============================================================
2026-05-14 23:41:45,493 [INFO ] STAGE 1: PRETRAINING ON IBM AML DATA
2026-05-14 23:41:45,494 [INFO ] ============================================================
2026-05-14 23:41:45,496 [INFO ] 
============================================================
2026-05-14 23:41:45,497 [INFO ] STAGE: PRETRAIN - Dataset: HI-Large
2026-05-14 23:41:45,498 [INFO ] ============================================================
2026-05-14 23:42:13,368 [INFO ] Available Edge Features: ['EdgeID', 'from_id', 'to_id', 'Timestamp', 'Amount Sent', 'Sent Currency', 'Amount Received', 'Received Currency', 'Payment Format', 'Is Laundering']
2026-05-15 00:20:22,522 [INFO ] Illicit ratio = 46730 / 40462888 = 0.12%
2026-05-15 00:20:22,574 [INFO ] Number of nodes (holdings doing transcations) = 122393
2026-05-15 00:20:22,576 [INFO ] Number of transactions = 40462888
2026-05-15 00:20:22,577 [INFO ] Edge features being used: ['Timestamp', 'Amount Received', 'Received Currency', 'Payment Format']
2026-05-15 00:20:22,578 [INFO ] Node features being used: ['Feature'] ("Feature" is a placeholder feature of all 1s)
2026-05-15 00:20:31,531 [INFO ] number of days and transactions in the data: 90 days, 40462888 transactions
2026-05-15 00:20:37,169 [INFO ] Calculate split: [[0, 1, 2, 3, 4, 5, 6, 7, 8, 9, 10, 11], [12, 13, 14, 15, 16], [17, 18, 19, 20, 21, 22, 23, 24, 25, 26, 27, 28, 29, 30, 31, 32, 33, 34, 35, 36, 37, 38, 39, 40, 41, 42, 43, 44, 45, 46, 47, 48, 49, 50, 51, 52, 53, 54, 55, 56, 57, 58, 59, 60, 61, 62, 63, 64, 65, 66, 67, 68, 69, 70, 71, 72, 73, 74, 75, 76, 77, 78, 79, 80, 81, 82, 83, 84, 85, 86, 87, 88, 89]]
2026-05-15 00:20:37,363 [INFO ] Total train samples: 62.45% || IR: 0.05% || Train days: [0, 1, 2, 3, 4]
2026-05-15 00:20:37,403 [INFO ] Total val samples: 18.41% || IR: 0.10% || Val days: [12, 13, 14, 15, 16]
2026-05-15 00:20:37,441 [INFO ] Total test samples: 19.14% || IR: 0.33% || Test days: [17, 18, 19, 20, 21]
2026-05-15 00:30:47,725 [INFO ] Random seed set as 42
2026-05-15 00:31:14,818 [INFO ] 
============================================================
2026-05-15 00:31:14,820 [INFO ] STAGE 1: PRETRAINING ON IBM AML DATA
2026-05-15 00:31:14,821 [INFO ] ============================================================
2026-05-15 00:31:14,823 [INFO ] 
============================================================
2026-05-15 00:31:14,824 [INFO ] STAGE: PRETRAIN - Dataset: HI-Small
2026-05-15 00:31:14,826 [INFO ] ============================================================
2026-05-15 00:31:21,905 [INFO ] Available Edge Features: ['EdgeID', 'from_id', 'to_id', 'Timestamp', 'Amount Sent', 'Sent Currency', 'Amount Received', 'Received Currency', 'Payment Format', 'Is Laundering']
2026-05-15 00:33:17,364 [INFO ] Illicit ratio = 5177 / 5078345 = 0.10%
2026-05-15 00:33:17,365 [INFO ] Number of nodes (holdings doing transcations) = 515088
2026-05-15 00:33:17,367 [INFO ] Number of transactions = 5078345
2026-05-15 00:33:17,367 [INFO ] Edge features being used: ['Timestamp', 'Amount Received', 'Received Currency', 'Payment Format']
2026-05-15 00:33:17,368 [INFO ] Node features being used: ['Feature'] ("Feature" is a placeholder feature of all 1s)
2026-05-15 00:33:17,686 [INFO ] number of days and transactions in the data: 18 days, 5078345 transactions
2026-05-15 00:33:17,908 [INFO ] Calculate split: [[0, 1, 2, 3, 4, 5], [6, 7], [8, 9, 10, 11, 12, 13, 14, 15, 16, 17]]
2026-05-15 00:33:17,934 [INFO ] Total train samples: 63.98% || IR: 0.08% || Train days: [0, 1, 2, 3, 4]
2026-05-15 00:33:17,940 [INFO ] Total val samples: 19.01% || IR: 0.11% || Val days: [6, 7]
2026-05-15 00:33:17,945 [INFO ] Total test samples: 17.01% || IR: 0.19% || Test days: [8, 9, 10, 11, 12]
2026-05-15 00:37:30,387 [INFO ] Random seed set as 42
2026-05-15 00:37:37,882 [INFO ] 
============================================================
2026-05-15 00:37:37,883 [INFO ] STAGE 1: PRETRAINING ON IBM AML DATA
2026-05-15 00:37:37,885 [INFO ] ============================================================
2026-05-15 00:37:37,886 [INFO ] 
============================================================
2026-05-15 00:37:37,887 [INFO ] STAGE: PRETRAIN - Dataset: HI-Small
2026-05-15 00:37:37,889 [INFO ] ============================================================
2026-05-15 00:37:44,787 [INFO ] Available Edge Features: ['EdgeID', 'from_id', 'to_id', 'Timestamp', 'Amount Sent', 'Sent Currency', 'Amount Received', 'Received Currency', 'Payment Format', 'Is Laundering']
2026-05-15 00:39:50,282 [INFO ] Illicit ratio = 5177 / 5078345 = 0.10%
2026-05-15 00:39:50,283 [INFO ] Number of nodes (holdings doing transcations) = 515088
2026-05-15 00:39:50,285 [INFO ] Number of transactions = 5078345
2026-05-15 00:39:50,286 [INFO ] Edge features being used: ['Timestamp', 'Amount Received', 'Received Currency', 'Payment Format']
2026-05-15 00:39:50,288 [INFO ] Node features being used: ['Feature'] ("Feature" is a placeholder feature of all 1s)
2026-05-15 00:39:50,610 [INFO ] number of days and transactions in the data: 18 days, 5078345 transactions
2026-05-15 00:39:50,841 [INFO ] Calculate split: [[0, 1, 2, 3, 4, 5], [6, 7], [8, 9, 10, 11, 12, 13, 14, 15, 16, 17]]
2026-05-15 00:39:50,867 [INFO ] Total train samples: 63.98% || IR: 0.08% || Train days: [0, 1, 2, 3, 4]
2026-05-15 00:39:50,871 [INFO ] Total val samples: 19.01% || IR: 0.11% || Val days: [6, 7]
2026-05-15 00:39:50,877 [INFO ] Total test samples: 17.01% || IR: 0.19% || Test days: [8, 9, 10, 11, 12]
2026-05-15 00:39:51,653 [INFO ] train data object: GraphData(x=[515088, 1], edge_index=[2, 3248921], edge_attr=[3248921, 4], y=[3248921], readout='edge', loss_fn='ce', num_nodes=515088, timestamps=[3248921])
2026-05-15 00:39:51,654 [INFO ] validation data object: GraphData(x=[515088, 1], edge_index=[2, 4214445], edge_attr=[4214445, 4], y=[4214445], readout='edge', loss_fn='ce', num_nodes=515088, timestamps=[4214445])
2026-05-15 00:39:51,656 [INFO ] test data object: GraphData(x=[515088, 1], edge_index=[2, 5078345], edge_attr=[5078345, 4], y=[5078345], readout='edge', loss_fn='ce', num_nodes=515088, timestamps=[5078345])
2026-05-15 00:39:51,831 [INFO ]   Pretraining LR: 0.006213
2026-05-15 00:43:17,107 [INFO ] Random seed set as 42
2026-05-15 00:43:24,484 [INFO ] 
============================================================
2026-05-15 00:43:24,484 [INFO ] STAGE 1: PRETRAINING ON IBM AML DATA
2026-05-15 00:43:24,486 [INFO ] ============================================================
2026-05-15 00:43:24,488 [INFO ] 
============================================================
2026-05-15 00:43:24,490 [INFO ] STAGE: PRETRAIN - Dataset: HI-Small
2026-05-15 00:43:24,490 [INFO ] ============================================================
2026-05-15 00:43:27,702 [INFO ] Available Edge Features: ['EdgeID', 'from_id', 'to_id', 'Timestamp', 'Amount Sent', 'Sent Currency', 'Amount Received', 'Received Currency', 'Payment Format', 'Is Laundering']
2026-05-15 00:44:43,442 [INFO ] Illicit ratio = 5177 / 5078345 = 0.10%
2026-05-15 00:44:43,443 [INFO ] Number of nodes (holdings doing transcations) = 515088
2026-05-15 00:44:43,445 [INFO ] Number of transactions = 5078345
2026-05-15 00:44:43,446 [INFO ] Edge features being used: ['Timestamp', 'Amount Received', 'Received Currency', 'Payment Format']
2026-05-15 00:44:43,448 [INFO ] Node features being used: ['Feature'] ("Feature" is a placeholder feature of all 1s)
2026-05-15 00:44:43,791 [INFO ] number of days and transactions in the data: 18 days, 5078345 transactions
2026-05-15 00:44:43,984 [INFO ] Calculate split: [[0, 1, 2, 3, 4, 5], [6, 7], [8, 9, 10, 11, 12, 13, 14, 15, 16, 17]]
2026-05-15 00:44:44,009 [INFO ] Total train samples: 63.98% || IR: 0.08% || Train days: [0, 1, 2, 3, 4]
2026-05-15 00:44:44,014 [INFO ] Total val samples: 19.01% || IR: 0.11% || Val days: [6, 7]
2026-05-15 00:44:44,020 [INFO ] Total test samples: 17.01% || IR: 0.19% || Test days: [8, 9, 10, 11, 12]
2026-05-15 00:44:44,944 [INFO ] train data object: GraphData(x=[515088, 1], edge_index=[2, 3248921], edge_attr=[3248921, 4], y=[3248921], readout='edge', loss_fn='ce', num_nodes=515088, timestamps=[3248921])
2026-05-15 00:44:44,945 [INFO ] validation data object: GraphData(x=[515088, 1], edge_index=[2, 4214445], edge_attr=[4214445, 4], y=[4214445], readout='edge', loss_fn='ce', num_nodes=515088, timestamps=[4214445])
2026-05-15 00:44:44,946 [INFO ] test data object: GraphData(x=[515088, 1], edge_index=[2, 5078345], edge_attr=[5078345, 4], y=[5078345], readout='edge', loss_fn='ce', num_nodes=515088, timestamps=[5078345])
2026-05-15 00:44:45,119 [INFO ]   Pretraining LR: 0.006213
2026-05-15 00:44:46,063 [INFO ] 
PRETRAIN Configuration:
2026-05-15 00:44:46,064 [INFO ]   Epochs: 100
2026-05-15 00:44:46,066 [INFO ]   Batch size: 256
2026-05-15 00:44:46,066 [INFO ]   Loss weights: [1.0, 6.28]
2026-05-15 00:51:22,478 [INFO ] Random seed set as 42
2026-05-15 00:51:29,001 [INFO ] 
============================================================
2026-05-15 00:51:29,002 [INFO ] STAGE 1: PRETRAINING ON IBM AML DATA
2026-05-15 00:51:29,003 [INFO ] ============================================================
2026-05-15 00:51:29,004 [INFO ] 
============================================================
2026-05-15 00:51:29,005 [INFO ] STAGE: PRETRAIN - Dataset: HI-Small
2026-05-15 00:51:29,006 [INFO ] ============================================================
2026-05-15 00:51:32,425 [INFO ] Available Edge Features: ['EdgeID', 'from_id', 'to_id', 'Timestamp', 'Amount Sent', 'Sent Currency', 'Amount Received', 'Received Currency', 'Payment Format', 'Is Laundering']
2026-05-15 00:52:13,218 [INFO ] Illicit ratio = 5177 / 5078345 = 0.10%
2026-05-15 00:52:13,220 [INFO ] Number of nodes (holdings doing transcations) = 515088
2026-05-15 00:52:13,220 [INFO ] Number of transactions = 5078345
2026-05-15 00:52:13,222 [INFO ] Edge features being used: ['Timestamp', 'Amount Received', 'Received Currency', 'Payment Format']
2026-05-15 00:52:13,223 [INFO ] Node features being used: ['Feature'] ("Feature" is a placeholder feature of all 1s)
2026-05-15 00:52:13,468 [INFO ] number of days and transactions in the data: 18 days, 5078345 transactions
2026-05-15 00:52:13,668 [INFO ] Calculate split: [[0, 1, 2, 3, 4, 5], [6, 7], [8, 9, 10, 11, 12, 13, 14, 15, 16, 17]]
2026-05-15 00:52:13,697 [INFO ] Total train samples: 63.98% || IR: 0.08% || Train days: [0, 1, 2, 3, 4]
2026-05-15 00:52:13,703 [INFO ] Total val samples: 19.01% || IR: 0.11% || Val days: [6, 7]
2026-05-15 00:52:13,707 [INFO ] Total test samples: 17.01% || IR: 0.19% || Test days: [8, 9, 10, 11, 12]
2026-05-15 00:52:14,280 [INFO ] train data object: GraphData(x=[515088, 1], edge_index=[2, 3248921], edge_attr=[3248921, 4], y=[3248921], readout='edge', loss_fn='ce', num_nodes=515088, timestamps=[3248921])
2026-05-15 00:52:14,281 [INFO ] validation data object: GraphData(x=[515088, 1], edge_index=[2, 4214445], edge_attr=[4214445, 4], y=[4214445], readout='edge', loss_fn='ce', num_nodes=515088, timestamps=[4214445])
2026-05-15 00:52:14,282 [INFO ] test data object: GraphData(x=[515088, 1], edge_index=[2, 5078345], edge_attr=[5078345, 4], y=[5078345], readout='edge', loss_fn='ce', num_nodes=515088, timestamps=[5078345])
2026-05-15 00:52:14,390 [INFO ]   Pretraining LR: 0.006213
2026-05-15 00:52:14,512 [INFO ] 
PRETRAIN Configuration:
2026-05-15 00:52:14,513 [INFO ]   Epochs: 100
2026-05-15 00:52:14,514 [INFO ]   Batch size: 256
2026-05-15 00:52:14,515 [INFO ]   Loss weights: [1.0, 6.28]
2026-05-15 01:26:38,228 [INFO ] Random seed set as 42
2026-05-15 01:26:45,775 [INFO ] 
============================================================
2026-05-15 01:26:45,775 [INFO ] STAGE 1: PRETRAINING ON IBM AML DATA
2026-05-15 01:26:45,775 [INFO ] ============================================================
2026-05-15 01:26:45,775 [INFO ] 
============================================================
2026-05-15 01:26:45,776 [INFO ] STAGE: PRETRAIN - Dataset: HI-Small
2026-05-15 01:26:45,776 [INFO ] ============================================================
2026-05-15 01:26:48,933 [INFO ] Available Edge Features: ['EdgeID', 'from_id', 'to_id', 'Timestamp', 'Amount Sent', 'Sent Currency', 'Amount Received', 'Received Currency', 'Payment Format', 'Is Laundering']
2026-05-15 01:27:28,915 [INFO ] Illicit ratio = 5177 / 5078345 = 0.10%
2026-05-15 01:27:28,915 [INFO ] Number of nodes (holdings doing transcations) = 515088
2026-05-15 01:27:28,916 [INFO ] Number of transactions = 5078345
2026-05-15 01:27:28,916 [INFO ] Edge features being used: ['Timestamp', 'Amount Received', 'Received Currency', 'Payment Format']
2026-05-15 01:27:28,916 [INFO ] Node features being used: ['Feature'] ("Feature" is a placeholder feature of all 1s)
2026-05-15 01:27:29,185 [INFO ] number of days and transactions in the data: 18 days, 5078345 transactions
2026-05-15 01:27:29,340 [INFO ] Calculate split: [[0, 1, 2, 3, 4, 5], [6, 7], [8, 9, 10, 11, 12, 13, 14, 15, 16, 17]]
2026-05-15 01:27:29,377 [INFO ] Total train samples: 63.98% || IR: 0.08% || Train days: [0, 1, 2, 3, 4]
2026-05-15 01:27:29,381 [INFO ] Total val samples: 19.01% || IR: 0.11% || Val days: [6, 7]
2026-05-15 01:27:29,385 [INFO ] Total test samples: 17.01% || IR: 0.19% || Test days: [8, 9, 10, 11, 12]
2026-05-15 01:27:29,942 [INFO ] train data object: GraphData(x=[515088, 1], edge_index=[2, 3248921], edge_attr=[3248921, 4], y=[3248921], readout='edge', loss_fn='ce', num_nodes=515088, timestamps=[3248921])
2026-05-15 01:27:29,942 [INFO ] validation data object: GraphData(x=[515088, 1], edge_index=[2, 4214445], edge_attr=[4214445, 4], y=[4214445], readout='edge', loss_fn='ce', num_nodes=515088, timestamps=[4214445])
2026-05-15 01:27:29,943 [INFO ] test data object: GraphData(x=[515088, 1], edge_index=[2, 5078345], edge_attr=[5078345, 4], y=[5078345], readout='edge', loss_fn='ce', num_nodes=515088, timestamps=[5078345])
2026-05-15 01:27:29,953 [INFO ] ✓ Loaded PRETRAIN data: Train=515088 nodes, Val=515088 nodes
2026-05-15 01:27:30,048 [INFO ] ✓ Initialized new model for PRETRAIN
2026-05-15 01:27:30,049 [INFO ]   Pretraining LR: 0.006213
2026-05-15 01:27:30,165 [INFO ] 
PRETRAIN Configuration:
2026-05-15 01:27:30,165 [INFO ]   Epochs: 100
2026-05-15 01:27:30,165 [INFO ]   Batch size: 256
2026-05-15 01:27:30,166 [INFO ]   Loss weights: [1.0, 6.28]
2026-05-15 01:38:08,556 [INFO ] Random seed set as 42
2026-05-15 01:38:15,824 [INFO ] 
============================================================
2026-05-15 01:38:15,825 [INFO ] STAGE 1: PRETRAINING ON IBM AML DATA
2026-05-15 01:38:15,825 [INFO ] ============================================================
2026-05-15 01:38:15,825 [INFO ] 
============================================================
2026-05-15 01:38:15,826 [INFO ] STAGE: PRETRAIN - Dataset: HI-Small
2026-05-15 01:38:15,826 [INFO ] ============================================================
2026-05-15 01:38:19,026 [INFO ] Available Edge Features: ['EdgeID', 'from_id', 'to_id', 'Timestamp', 'Amount Sent', 'Sent Currency', 'Amount Received', 'Received Currency', 'Payment Format', 'Is Laundering']
2026-05-15 01:38:58,436 [INFO ] Illicit ratio = 5177 / 5078345 = 0.10%
2026-05-15 01:38:58,436 [INFO ] Number of nodes (holdings doing transcations) = 515088
2026-05-15 01:38:58,437 [INFO ] Number of transactions = 5078345
2026-05-15 01:38:58,437 [INFO ] Edge features being used: ['Timestamp', 'Amount Received', 'Received Currency', 'Payment Format']
2026-05-15 01:38:58,437 [INFO ] Node features being used: ['Feature'] ("Feature" is a placeholder feature of all 1s)
2026-05-15 01:38:58,693 [INFO ] number of days and transactions in the data: 18 days, 5078345 transactions
2026-05-15 01:38:58,856 [INFO ] Calculate split: [[0, 1, 2, 3, 4, 5], [6, 7], [8, 9, 10, 11, 12, 13, 14, 15, 16, 17]]
2026-05-15 01:38:58,882 [INFO ] Total train samples: 63.98% || IR: 0.08% || Train days: [0, 1, 2, 3, 4]
2026-05-15 01:38:58,886 [INFO ] Total val samples: 19.01% || IR: 0.11% || Val days: [6, 7]
2026-05-15 01:38:58,890 [INFO ] Total test samples: 17.01% || IR: 0.19% || Test days: [8, 9, 10, 11, 12]
2026-05-15 01:38:59,513 [INFO ] train data object: GraphData(x=[515088, 1], edge_index=[2, 3248921], edge_attr=[3248921, 4], y=[3248921], readout='edge', loss_fn='ce', num_nodes=515088, timestamps=[3248921])
2026-05-15 01:38:59,514 [INFO ] validation data object: GraphData(x=[515088, 1], edge_index=[2, 4214445], edge_attr=[4214445, 4], y=[4214445], readout='edge', loss_fn='ce', num_nodes=515088, timestamps=[4214445])
2026-05-15 01:38:59,514 [INFO ] test data object: GraphData(x=[515088, 1], edge_index=[2, 5078345], edge_attr=[5078345, 4], y=[5078345], readout='edge', loss_fn='ce', num_nodes=515088, timestamps=[5078345])
2026-05-15 01:38:59,527 [INFO ] ✓ Loaded PRETRAIN data: Train=515088 nodes, Val=515088 nodes
2026-05-15 01:38:59,613 [INFO ] ✓ Initialized new model for PRETRAIN
2026-05-15 01:38:59,613 [INFO ]   Pretraining LR: 0.006213
2026-05-15 01:38:59,732 [INFO ] 
PRETRAIN Configuration:
2026-05-15 01:38:59,733 [INFO ]   Epochs: 2
2026-05-15 01:38:59,733 [INFO ]   Batch size: 256
2026-05-15 01:38:59,733 [INFO ]   Loss weights: [1.0, 6.28]
